[www.friends2support.org/index.html]
[backblue.gif]
[fade.gif]
[index.html]
[www.friends2support.org/“images/favicon.ico”]
[www.friends2support.org/css/styles.css]
[www.friends2support.org/imgs/landingpage/bg.gif]
[www.friends2support.org/joint_ie/rotate.js]
[www.friends2support.org/Common.js]
[www.friends2support.org/imgs/spacer.gif]
[www.friends2support.org/imgs/landingpage/top_band.gif]
[www.friends2support.org/WebResource8939.js]
[www.friends2support.org/imgs/landingpage/left_search_panel.gif]
[www.friends2support.org/imgs/landingpage/find_donors.gif]
[www.friends2support.org/imgs/landingpage/submit_white.gif]
[www.friends2support.org/imgs/landingpage/blood_drop_search.gif]
[www.friends2support.org/cdn-cgi/l/email-protection.html]
[www.friends2support.org/imgs/short-film-announcement-for-website3.png]
[www.friends2support.org/imgs/landingpage/bg_step1.gif]
[www.friends2support.org/imgs/landingpage/register.gif]
[www.friends2support.org/imgs/landingpage/bottom_band.gif]
[www.friends2support.org/inner/news/donorRegistration.html]
[www.friends2support.org/inner/news/forgotPassword.html]
[www.friends2support.org/F2SInvitation.html]
[www.friends2support.org/inner/news/postYourBloodRequest.aspx]
[www.friends2support.org/inner/news/Contactus.html]
[www.friends2support.org/cdn-cgi/scripts/5c5dd728/cloudflare-static/email-decode.min.js]
[www.friends2support.org/index-2.html]
[www.friends2support.org/shortfilm/gallery-video.html]
[www.friends2support.org/index.html]
[www.friends2support.org/“images/favicon.html]
[www.friends2support.org/css/styles.css]
[www.friends2support.org/cdn-cgi/challenge-platform/h/b/scripts/jsd/725bd36e298b/maind41d.js]
[www.friends2support.org/POST]
[www.friends2support.org/WebResource8939.js]
[www.friends2support.org/cdn-cgi/l/email-protection.html]
[www.friends2support.org/css/css.css]
[code.jquery.com/jquery-3.2.1.min.js]
[www.friends2support.org/ScriptResourced37c.js]
[www.friends2support.org/ScriptResource1bbe.js]
[www.friends2support.org/inner/news/donorRegistration0b7c.js]
[www.friends2support.org/imgs/main_logo.gif]
[www.friends2support.org/inner/news/faqs.html]
[www.friends2support.org/inner/news/feedback.html]
[www.friends2support.org/inner/news/contactus-2.html]
[www.friends2support.org/imgs/inner_newuser.gif]
[www.friends2support.org/imgs/inner_links_partition.gif]
[www.friends2support.org/inner/news/searchresult.html]
[www.friends2support.org/imgs/inner_findblooddonor.gif]
[www.friends2support.org/imgs/inner_post_bloodrequest.gif]
[www.friends2support.org/inner/NGO/default_NGO.html]
[www.friends2support.org/imgs/Inner_findserviceorg.gif]
[www.friends2support.org/imgs/inner_bullet.gif]
[www.friends2support.org/inner/about/about.html]
[www.friends2support.org/inner/journey/vision.html]
[www.friends2support.org/inner/peoplebehind/founders.html]
[www.friends2support.org/imgs/inner_subbullet.gif]
[www.friends2support.org/inner/peoplebehind/technical.html]
[www.friends2support.org/inner/news/ListVolunteer.html]
[www.friends2support.org/inner/journey/Campaign.html]
[www.friends2support.org/inner/about/blood.html]
[www.friends2support.org/inner/about/whocandonate.html]
[www.friends2support.org/inner/achievments/projects.html]
[www.friends2support.org/inner/achievments/done.html]
[www.friends2support.org/inner/achievments/process.html]
[www.friends2support.org/inner/contributions/friends.html]
[www.friends2support.org/inner/news/listDonatedBloodUsers.html]
[www.friends2support.org/inner/about/achievements.html]
[www.friends2support.org/inner/news/ListFeedBack.html]
[www.friends2support.org/inner/about/press.html]
[www.friends2support.org/inner/journey/Appcenter.html]
[www.friends2support.org/imgs/bg_head_inner.gif]
[www.friends2support.org/imgs/buller_white.gif]
[www.friends2support.org/imgs/bg_middle_inner.gif]
[www.friends2support.org/images/LoadingImage.gif]
[www.friends2support.org/inner/news/MyCaptcha.html]
[www.friends2support.org/imgs/bg_bottom_inner.gif]
[www.friends2support.org/inner/news/disclaimer.html]
[www.friends2support.org/inner/news/FAQs-2.html]
[www.friends2support.org/inner/news/donorRegistration.html]
[www.friends2support.org/inner/popcalendar/ipopeng.html]
[www.friends2support.org/WebResource2b35.js]
[www.friends2support.org/inner/news/forgotPassword.html]
[www.friends2support.org/news/faqs.aspx]
[www.friends2support.org/news/feedback.aspx]
[www.friends2support.org/news/contactus.aspx]
[www.friends2support.org/inner/news/joinWithUs.html]
[www.friends2support.org/imgs/join_f2s.gif]
[www.friends2support.org/imgs/google_logo_41.png]
[www.friends2support.org/imgs/yahoo_logo_in.png]
[www.friends2support.org/imgs/facebook.png]
[www.friends2support.org/F2SInvitation.html]
[www.friends2support.org/inner/news/postYourBloodRequest.html]
[www.friends2support.org/inner/news/Contactus.html]
[www.friends2support.org/joint_ie/img_temp.jpg]
[www.friends2support.org/imgs/main_find_donor.gif]
[www.friends2support.org/imgs/submit_white.gif]
[www.friends2support.org/imgs/main_blood_drop.gif]
[www.friends2support.org/imgs/reg_donor_main.jpg]
[www.friends2support.org/imgs/submit_grey.gif]
[www.friends2support.org/imgs/main_links_partition.gif]
[www.friends2support.org/imgs/bullet.gif]
[www.friends2support.org/imgs/blood_donation_icon.gif]
[www.friends2support.org/imgs/imagegall_icon.gif]
[www.friends2support.org/inner/journey/gallery.html]
[www.friends2support.org/imgs/people_icon.gif]
[www.friends2support.org/imgs/press_icon.gif]
[www.friends2support.org/imgs/invite_frnds_icon.gif]
[www.friends2support.org/imgs/app_icon.gif]
[www.friends2support.org/imgs/bannerspace.gif]
[www.friends2support.org/index-2.html]
[www.friends2support.org/shortfilm/fonts/font.css]
[www.friends2support.org/shortfilm/css/inner_styles.css]
[code.jquery.com/jquery-latest.min.js]
[www.friends2support.org/shortfilm/menu_script.js]
[maxcdn.bootstrapcdn.com/bootstrap/3.3.4/css/bootstrap.min.css]
[ajax.googleapis.com/ajax/libs/jquery/1.11.1/jquery.min.js]
[maxcdn.bootstrapcdn.com/bootstrap/3.3.4/js/bootstrap.min.js]
[www.friends2support.org/shortfilm/video-gallery_files/main.css]
[www.friends2support.org/shortfilm/video-gallery_files/css]
[www.friends2support.org/shortfilm/index.html]
[www.friends2support.org/shortfilm/about-competetion.html]
[www.friends2support.org/shortfilm/rules.html]
[www.friends2support.org/shortfilm/jury.html]
[www.friends2support.org/shortfilm/top100.html]
[www.friends2support.org/shortfilm/finalists.html]
[www.friends2support.org/shortfilm/winners-event.html]
[www.friends2support.org/shortfilm/gallery.html]
[www.friends2support.org/shortfilm/partners.html]
[www.friends2support.org/shortfilm/imgs/f2s_logo.png]
[www.friends2support.org/shortfilm/imgs/gallery.jpg]
[www.friends2support.org/shortfilm/video-gallery_files/F2S5397_The-God's-Ink.jpg]
[www.friends2support.org/shortfilm/video-gallery_files/F2S3973_RedBalloons.jpg]
[www.friends2support.org/shortfilm/video-gallery_files/F2S1340.jpg]
[www.friends2support.org/shortfilm/video-gallery_files/F2S5288_WHO IS GOD.jpg]
[www.friends2support.org/shortfilm/video-gallery_files/F2S8104_Be Possitivd.jpg]
[www.friends2support.org/shortfilm/video-gallery_files/F2S2098_WHY.jpg]
[www.friends2support.org/shortfilm/video-gallery_files/F2S1753.jpg]
[www.friends2support.org/shortfilm/video-gallery_files/F2S5433_MY BLOOD CHALLENGE.jpg]
[www.friends2support.org/shortfilm/video-gallery_files/F2S4978_JAGAMANTHA KUTUMBAM NADI.jpg]
[www.friends2support.org/shortfilm/video-gallery_files/F2S3973_Kurudhi.jpg]
[www.friends2support.org/shortfilm/video-gallery_files/F2S7002_Let's.jpg]
[www.friends2support.org/shortfilm/video-gallery_files/F2S9378_Muthal Mu(Ra)ththam.jpg]
[www.friends2support.org/shortfilm/video-gallery_files/F2S3141_I Am Blood.jpg]
[www.friends2support.org/shortfilm/video-gallery_files/F2S3716_ShareShare.jpg]
[www.friends2support.org/shortfilm/video-gallery_files/F2S4309_Iyalamai.jpg]
[www.friends2support.org/shortfilm/video-gallery_files/Farishta - The Messenger Of God.jpg]
[www.friends2support.org/shortfilm/video-gallery_files/F2S9139.jpg]
[www.friends2support.org/shortfilm/video-gallery_files/F2S3569.jpg]
[www.friends2support.org/shortfilm/video-gallery_files/F2S4384_The Exam.jpg]
[www.friends2support.org/shortfilm/video-gallery_files/F2S2084_350ml.jpg]
[www.friends2support.org/shortfilm/video-gallery_files/media01.jpg]
[www.friends2support.org/shortfilm/video-gallery_files/thumb05.jpg]
[www.friends2support.org/shortfilm/video-gallery_files/thumb04.jpg]
[www.friends2support.org/shortfilm/video-gallery_files/thumb01.jpg]
[www.friends2support.org/shortfilm/video-gallery_files/thumb02.jpg]
[www.friends2support.org/shortfilm/video-gallery_files/thumb03.jpg]
[www.friends2support.org/shortfilm/video-gallery_files/thumb06.jpg]
[www.friends2support.org/shortfilm/video-gallery_files/thumb07.jpg]
[www.friends2support.org/shortfilm/video-gallery_files/thumb08.jpg]
[www.friends2support.org/shortfilm/imgs/facebook-32.png]
[www.friends2support.org/shortfilm/imgs/youtube-32.png]
[www.friends2support.org/shortfilm/video-gallery_files/jquery.min.js]
[www.friends2support.org/shortfilm/video-gallery_files/jquery.fancybox.min.js]
[www.friends2support.org/shortfilm/video-gallery_files/global.min.js]
[www.friends2support.org/shortfilm/gallery-video.html]
[www.friends2support.org/POST.html]
[www.friends2support.org/css/css.css]
[www.friends2support.org/ScriptResourced37c.js]
[www.friends2support.org/inner/news/AppleWebKit/index.html]
[www.friends2support.org/inner/news/Opera/index.html]
[www.friends2support.org/inner/news/Firefox/index.html]
[www.friends2support.org/inner/news/MicrosoftAjaxWebForms.97.delayed]
[www.friends2support.org/inner/news/MicrosoftAjaxSerialization.js]
[www.friends2support.org/inner/news/MicrosoftAjaxNetwork.js]
[www.friends2support.org/ScriptResource1bbe.js]
[www.friends2support.org/inner/news/donorRegistration0b7c.js]
[www.friends2support.org/inner/news/faqs.html]
[www.friends2support.org/inner/news/feedback.html]
[www.friends2support.org/inner/news/contactus-2.html]
[www.friends2support.org/imgs/search_bg_t.gif]
[www.friends2support.org/imgs/search_bg_m.gif]
[www.friends2support.org/imgs/search_bg_b.gif]
[www.friends2support.org/inner/news/searchresult.html]
[www.friends2support.org/inner/NGO/imgs/top_band.gif]
[www.friends2support.org/inner/NGO/imgs/left_search_panel.gif]
[www.friends2support.org/inner/NGO/imgs/find_ngo.gif]
[www.friends2support.org/inner/NGO/imgs/find_ngo1.gif]
[www.friends2support.org/inner/NGO/imgs/bg_step1.gif]
[www.friends2support.org/inner/NGO/serviceregistration.html]
[www.friends2support.org/inner/NGO/imgs/register.gif]
[www.friends2support.org/inner/NGO/default_NGO.html]
[www.friends2support.org/inner/news/Feedback-2.html]
[www.friends2support.org/imgs/F2S.ppsx]
[www.friends2support.org/imgs/Latest_presntation.pptx]
[www.friends2support.org/inner/about/about.html]
[www.friends2support.org/inner/journey/vision.html]
[www.friends2support.org/inner/peoplebehind/founders.html]
[www.friends2support.org/inner/peoplebehind/technical.html]
[www.friends2support.org/inner/news/ListVolunteer.html]
[www.friends2support.org/inner/journey/jaydeep.gupta@friendstosupport.org]
[www.friends2support.org/inner/journey/jayajithprasad030@gmail.com]
[www.friends2support.org/inner/journey/Campaign.html]
[www.friends2support.org/imgs/blood_3.jpg]
[www.friends2support.org/imgs/blood_4.jpg]
[www.friends2support.org/imgs/blood_1.jpg]
[www.friends2support.org/imgs/blood_2.jpg]
[www.friends2support.org/imgs/blood_7.jpg]
[www.friends2support.org/imgs/blood_5.jpg]
[www.friends2support.org/inner/about/blood.html]
[www.friends2support.org/inner/about/whocandonate.html]
[www.friends2support.org/inner/achievments/projects.html]
[www.friends2support.org/inner/achievments/done.html]
[www.friends2support.org/inner/achievments/process.html]
[www.friends2support.org/inner/contributions/friends.html]
[www.friends2support.org/inner/news/popcalendar/ipopeng.htm]
[www.friends2support.org/inner/news/listDonatedBloodUsers.html]
[www.friends2support.org/imgs/50donors.gif]
[www.friends2support.org/imgs/HerosOfHyderabadAward.jpg]
[www.friends2support.org/imgs/LBR_2017.jpg]
[www.friends2support.org/imgs/DigitalTrailblazerAward.jpg]
[www.friends2support.org/imgs/LBR_2016.jpg]
[www.friends2support.org/imgs/RealHeroAward.jpg]
[www.friends2support.org/imgs/img_temp3.jpg]
[www.friends2support.org/imgs/Indian_Govt_Award_14062015.jpg]
[www.friends2support.org/imgs/LBR_2015.jpg]
[www.friends2support.org/imgs/LBR_2014.jpg]
[www.friends2support.org/imgs/WSYA_2013.jpg]
[www.friends2support.org/imgs/LBR_2013.jpg]
[www.friends2support.org/imgs/mbillionth.jpg]
[www.friends2support.org/imgs/ABR.jpg]
[www.friends2support.org/imgs/IBR.jpg]
[www.friends2support.org/imgs/wsya.jpg]
[www.friends2support.org/imgs/banner.gif]
[www.friends2support.org/imgs/NF_img.gif]
[www.friends2support.org/inner/about/achievements.html]
[www.friends2support.org/inner/news/ListFeedBack.html]
[www.friends2support.org/inner/about/TheAssamTribune_14June2019e3f9.html]
[www.friends2support.org/inner/about/eenadu_23072015.html]
[www.friends2support.org/inner/about/hindu_06072015.html]
[www.friends2support.org/inner/about/AmarAsom_Assam_05062015.html]
[www.friends2support.org/inner/about/EasternChronicle_Guwahati_30032015.html]
[www.friends2support.org/inner/about/jyothi_01102014.html]
[www.friends2support.org/inner/about/hindu_01102014.html]
[www.friends2support.org/inner/about/dinamalar_06072014.html]
[www.friends2support.org/inner/about/appsunveiled_26042014.html]
[www.friends2support.org/inner/about/express_08042014.html]
[www.friends2support.org/inner/about/manorama_03042014.html]
[www.friends2support.org/inner/about/prajavani_29032014.html]
[www.friends2support.org/inner/about/hindu_04112013.html]
[www.friends2support.org/inner/about/rajasthanpatrika_01102013.html]
[www.friends2support.org/inner/about/amarujala_21092013.html]
[www.friends2support.org/inner/about/dinamani_15092013.html]
[www.friends2support.org/inner/about/eenadu_29062013.html]
[www.friends2support.org/inner/about/postnoon_23062013.html]
[www.friends2support.org/inner/about/dc_21052013.html]
[www.friends2support.org/inner/about/sakshi_03052013.html]
[www.friends2support.org/inner/about/Syandanpatrika_23032013.html]
[www.friends2support.org/inner/about/Tripuratimes_22032013.html]
[www.friends2support.org/inner/about/dainiksambad_22032013.html]
[www.friends2support.org/inner/about/mm_31012013.html]
[www.friends2support.org/inner/about/eenadu_06012013.html]
[www.friends2support.org/inner/about/hindimilap_09122012.html]
[www.friends2support.org/inner/about/express_20082012.html]
[www.friends2support.org/inner/about/andhraprabha_28072012.html]
[www.friends2support.org/inner/about/hindu_20072012.html]
[www.friends2support.org/inner/about/jyothi_14062012.html]
[www.friends2support.org/inner/about/hindu_15022012.html]
[www.friends2support.org/inner/about/praja_14022012.html]
[www.friends2support.org/inner/about/indiatoday_07022012.html]
[www.friends2support.org/inner/about/hansindia_18012012.html]
[www.friends2support.org/inner/about/DainikJagran_11092011.html]
[www.friends2support.org/inner/about/MM_250511.html]
[www.friends2support.org/inner/about/hindu_160511.html]
[www.friends2support.org/inner/about/dinamalar_130910.html]
[www.friends2support.org/inner/about/hindu_130610.html]
[www.friends2support.org/inner/about/sakshi_040510.html]
[www.friends2support.org/inner/about/anandavikatan_210410.html]
[www.friends2support.org/inner/about/sakshi_240509.html]
[www.friends2support.org/inner/about/dc_121107.html]
[www.friends2support.org/inner/about/hindu_250907.html]
[www.friends2support.org/inner/about/express_160807.html]
[www.friends2support.org/inner/about/jyothi_211206.html]
[www.friends2support.org/inner/about/hindu_261106.html]
[www.friends2support.org/inner/about/dc_210506.html]
[www.friends2support.org/inner/about/hindu_210106.html]
[www.friends2support.org/inner/about/eenadu_011205.html]
[www.friends2support.org/imgs/Latest_presntation.ppt]
[www.friends2support.org/inner/about/press.html]
[www.friends2support.org/imgs/Android.jpg]
[www.friends2support.org/imgs/iphone_app.jpg]
[www.friends2support.org/imgs/windows_app.jpg]
[www.friends2support.org/inner/journey/Appcenter.html]
[www.friends2support.org/inner/news/MyCaptcha.html]
[www.friends2support.org/inner/news/disclaimer.html]
[www.friends2support.org/inner/news/FAQs-2.html]
[www.friends2support.org/inner/popcalendar/ipopeng.html]
[www.friends2support.org/WebResource2b35.js]
[www.friends2support.org/news/faqs.html]
[www.friends2support.org/news/feedback.html]
[www.friends2support.org/news/contactus.html]
[www.friends2support.org/WebResourcea38d.css]
[www.friends2support.org/inner/news/joinWithUs.html]
[www.friends2support.org/inner/news/joinWithUs39ba.js]
[www.friends2support.org/imgs/newposter3.jpg]
[www.friends2support.org/imgs/newposter2.jpg]
[www.friends2support.org/imgs/newposter4.jpg]
[www.friends2support.org/imgs/newposter1.jpg]
[www.friends2support.org/imgs/poster.jpg]
[www.friends2support.org/inner/journey/gallery.html]
[www.friends2support.org/shortfilm/fonts/MYRIADPROREGULAR.eot]
[www.friends2support.org/shortfilm/fonts/MYRIADPROREGULAR.woff]
[www.friends2support.org/shortfilm/fonts/MYRIADPROREGULAR.ttf]
[www.friends2support.org/shortfilm/fonts/font.css]
[www.friends2support.org/shortfilm/imgs/bg.jpg]
[www.friends2support.org/shortfilm/css/imgs/top_bg.png]
[www.friends2support.org/shortfilm/css/inner_styles.css]
[maxcdn.bootstrapcdn.com/bootstrap/3.3.4/css/bootstrap.min.css]
[www.friends2support.org/shortfilm/images/bg.jpg]
[www.friends2support.org/shortfilm/images/fb/fancybox_sprite.png]
[www.friends2support.org/shortfilm/images/fb/fancybox_loading.gif]
[www.friends2support.org/shortfilm/images/fb/blank.gif]
[www.friends2support.org/shortfilm/video-gallery_files/lighbox-baground.png]
[www.friends2support.org/shortfilm/images/fb/fancybox_sprite@2x.png]
[www.friends2support.org/shortfilm/images/fb/fancybox_loading@2x.gif]
[www.friends2support.org/shortfilm/video-gallery_files/main.css]
[www.friends2support.org/shortfilm/video-gallery_files/css.html]
[www.friends2support.org/shortfilm/menu_styles.css]
[www.friends2support.org/shortfilm/imgs/cover-announcement.jpg]
[www.friends2support.org/shortfilm/imgs/facebook-cover-announcement2.jpg]
[www.friends2support.org/shortfilm/imgs/facebook-cover-announcement3.jpg]
[www.friends2support.org/shortfilm/index.html]
[www.friends2support.org/shortfilm/imgs/facebook-cover-announcement-inner-red.jpg]
[www.friends2support.org/shortfilm/about-competetion.html]
[www.friends2support.org/shortfilm/imgs/rules.jpg]
[www.friends2support.org/shortfilm/rules.html]
[www.friends2support.org/shortfilm/imgs/jury-banner.jpg]
[www.friends2support.org/shortfilm/imgs/varaprasad.jpg]
[www.friends2support.org/shortfilm/imgs/vijayan.jpg]
[www.friends2support.org/shortfilm/imgs/arvind-change.jpg]
[www.friends2support.org/shortfilm/imgs/cheran.jpg]
[www.friends2support.org/shortfilm/imgs/rsgupta.jpg]
[www.friends2support.org/shortfilm/imgs/shobinirajan.jpg]
[www.friends2support.org/shortfilm/imgs/nani.jpg]
[www.friends2support.org/shortfilm/imgs/pandiarajan.jpg]
[www.friends2support.org/shortfilm/imgs/prabhudeva.jpg]
[www.friends2support.org/shortfilm/imgs/ram.jpg]
[www.friends2support.org/shortfilm/imgs/yugisethu.jpg]
[www.friends2support.org/shortfilm/imgs/vaibhav.jpg]
[www.friends2support.org/shortfilm/imgs/vivek.jpg]
[www.friends2support.org/shortfilm/jury.html]
[www.friends2support.org/shortfilm/imgs/top100.jpg]
[www.friends2support.org/shortfilm/top100.html]
[www.friends2support.org/shortfilm/imgs/finalists.jpg]
[www.friends2support.org/shortfilm/finalists.html]
[www.friends2support.org/shortfilm/imgs/winners-event.jpg]
[www.friends2support.org/shortfilm/imgs/team.jpg]
[www.friends2support.org/shortfilm/winners-event.html]
[www.friends2support.org/shortfilm/awards-gallery.html]
[www.friends2support.org/shortfilm/imgs/img-gallery-03.jpg]
[www.friends2support.org/shortfilm/imgs/img-gallery-05.jpg]
[www.friends2support.org/shortfilm/gallery-photo.html]
[www.friends2support.org/shortfilm/imgs/img-gallery-01.jpg]
[www.friends2support.org/shortfilm/imgs/img-gallery-04.jpg]
[www.friends2support.org/shortfilm/imgs/video.jpg]
[www.friends2support.org/shortfilm/gallery.html]
[www.friends2support.org/shortfilm/imgs/partners.jpg]
[www.friends2support.org/shortfilm/imgs/supporter.jpg]
[www.friends2support.org/shortfilm/imgs/mangoleaf.jpg]
[www.friends2support.org/shortfilm/partners.html]
[www.friends2support.org/inner/news/Firefox/index.html]
[www.friends2support.org/inner/news/AppleWebKit/index.html]
[www.friends2support.org/inner/news/Opera/index.html]
[www.friends2support.org/inner/news/MicrosoftAjaxWebForms.html]
[www.friends2support.org/inner/news/MicrosoftAjaxSerialization.html]
[www.friends2support.org/inner/news/MicrosoftAjaxNetwork.html]
[www.friends2support.org/inner/NGO/serviceregistration0b7c.js]
[www.friends2support.org/inner/NGO/serviceregistration.html]
[www.friends2support.org/inner/news/Feedback-2.html]
[www.friends2support.org/imgs/F2S.html]
[www.friends2support.org/imgs/Latest_presntation.html]
[www.friends2support.org/inner/journey/jaydeep.gupta@friendstosupport.html]
[www.friends2support.org/inner/journey/jayajithprasad030@gmail.html]
[www.friends2support.org/inner/news/popcalendar/ipopeng.html]
[www.friends2support.org/imgs/TheAssamTribune_14June2019.jpg]
[www.friends2support.org/inner/about/TheAssamTribune_14June2019e3f9.html]
[www.friends2support.org/imgs/Eenadu_23072015.jpg]
[www.friends2support.org/inner/about/eenadu_23072015.html]
[www.friends2support.org/imgs/TheHindu_India_06072015.jpg]
[www.friends2support.org/inner/about/hindu_06072015.html]
[www.friends2support.org/imgs/AmarAsom_05062015.jpg]
[www.friends2support.org/inner/about/AmarAsom_Assam_05062015.html]
[www.friends2support.org/imgs/EasternChronicle_Guwahati_30032015.jpg]
[www.friends2support.org/inner/about/EasternChronicle_Guwahati_30032015.html]
[www.friends2support.org/imgs/Andhrajyothy_01102014.jpg]
[www.friends2support.org/inner/about/jyothi_01102014.html]
[www.friends2support.org/imgs/TheHindu_Madurai_01102014.jpg]
[www.friends2support.org/inner/about/hindu_01102014.html]
[www.friends2support.org/imgs/Dinamalar_06072014.jpg]
[www.friends2support.org/inner/about/dinamalar_06072014.html]
[www.friends2support.org/imgs/Appsunveiled_26042014.jpg]
[www.friends2support.org/inner/about/appsunveiled_26042014.html]
[www.friends2support.org/imgs/Indianexpress_Bangalore_09042014.jpg]
[www.friends2support.org/inner/about/express_08042014.html]
[www.friends2support.org/imgs/Malayala_Manorama_03042014.jpg]
[www.friends2support.org/inner/about/manorama_03042014.html]
[www.friends2support.org/imgs/Prajavani_Metro_29March2014_Bangalore.jpg]
[www.friends2support.org/inner/about/prajavani_29032014.html]
[www.friends2support.org/imgs/Hindu_Hyderabad_04112013.jpg]
[www.friends2support.org/inner/about/hindu_04112013.html]
[www.friends2support.org/imgs/RajasthanPatrika_01102013.jpg]
[www.friends2support.org/inner/about/rajasthanpatrika_01102013.html]
[www.friends2support.org/imgs/amar_Ujala_21092013.jpg]
[www.friends2support.org/inner/about/amarujala_21092013.html]
[www.friends2support.org/imgs/Dinamani_15092013.jpg]
[www.friends2support.org/inner/about/dinamani_15092013.html]
[www.friends2support.org/imgs/eenadu_29062013.jpg]
[www.friends2support.org/inner/about/eenadu_29062013.html]
[www.friends2support.org/imgs/Postnoon_23062013.jpg]
[www.friends2support.org/inner/about/postnoon_23062013.html]
[www.friends2support.org/imgs/DeccanChronicle_21052013.jpg]
[www.friends2support.org/inner/about/dc_21052013.html]
[www.friends2support.org/imgs/Sakshi_03052013.jpg]
[www.friends2support.org/inner/about/sakshi_03052013.html]
[www.friends2support.org/imgs/syandanpatrika_23032013.jpg]
[www.friends2support.org/inner/about/Syandanpatrika_23032013.html]
[www.friends2support.org/imgs/TripuraTimes_22032013.jpg]
[www.friends2support.org/inner/about/Tripuratimes_22032013.html]
[www.friends2support.org/imgs/dainiksambad_22032013.jpg]
[www.friends2support.org/inner/about/dainiksambad_22032013.html]
[www.friends2support.org/imgs/malayala_manorama_31012013.jpg]
[www.friends2support.org/inner/about/mm_31012013.html]
[www.friends2support.org/imgs/Eenadu_06012013.jpg]
[www.friends2support.org/inner/about/eenadu_06012013.html]
[www.friends2support.org/imgs/HindiMilap09122012.jpg]
[www.friends2support.org/inner/about/hindimilap_09122012.html]
[www.friends2support.org/imgs/express_20082012.jpg]
[www.friends2support.org/inner/about/express_20082012.html]
[www.friends2support.org/imgs/Andhraprabha_28072012.jpg]
[www.friends2support.org/inner/about/andhraprabha_28072012.html]
[www.friends2support.org/imgs/hindu_20072012.jpg]
[www.friends2support.org/inner/about/hindu_20072012.html]
[www.friends2support.org/imgs/Andhrajyothy_14062012.jpg]
[www.friends2support.org/inner/about/jyothi_14062012.html]
[www.friends2support.org/imgs/hindu_15022012.jpg]
[www.friends2support.org/inner/about/hindu_15022012.html]
[www.friends2support.org/imgs/prajasakthi_14022012.jpg]
[www.friends2support.org/inner/about/praja_14022012.html]
[www.friends2support.org/imgs/indiatoday_07022012.jpg]
[www.friends2support.org/inner/about/indiatoday_07022012.html]
[www.friends2support.org/imgs/hansindia_18012012.jpg]
[www.friends2support.org/inner/about/hansindia_18012012.html]
[www.friends2support.org/imgs/DainikJagran_11092011.jpg]
[www.friends2support.org/inner/about/DainikJagran_11092011.html]
[www.friends2support.org/imgs/malayala_manorama_250511.jpg]
[www.friends2support.org/inner/about/MM_250511.html]
[www.friends2support.org/imgs/Hindu_Chennai_160511.jpg]
[www.friends2support.org/inner/about/hindu_160511.html]
[www.friends2support.org/imgs/Dinamalar1_130910.jpg]
[www.friends2support.org/inner/about/dinamalar_130910.html]
[www.friends2support.org/imgs/hindu_130610.jpg]
[www.friends2support.org/inner/about/hindu_130610.html]
[www.friends2support.org/imgs/sakshi_040510.jpg]
[www.friends2support.org/inner/about/sakshi_040510.html]
[www.friends2support.org/imgs/anandavikatan_210410.jpg]
[www.friends2support.org/inner/about/anandavikatan_210410.html]
[www.friends2support.org/imgs/sakshi_240509.jpg]
[www.friends2support.org/inner/about/sakshi_240509.html]
[www.friends2support.org/imgs/dc_121107.jpg]
[www.friends2support.org/inner/about/dc_121107.html]
[www.friends2support.org/imgs/hindu_250907.jpg]
[www.friends2support.org/inner/about/hindu_250907.html]
[www.friends2support.org/imgs/express_160807.jpg]
[www.friends2support.org/inner/about/express_160807.html]
[www.friends2support.org/imgs/jyothi_211206.jpg]
[www.friends2support.org/inner/about/jyothi_211206.html]
[www.friends2support.org/imgs/hindu_261106.jpg]
[www.friends2support.org/inner/about/hindu_261106.html]
[www.friends2support.org/imgs/dc.jpg]
[www.friends2support.org/inner/about/dc_210506.html]
[www.friends2support.org/imgs/hindu.jpg]
[www.friends2support.org/inner/about/hindu_210106.html]
[www.friends2support.org/imgs/eenadu.jpg]
[www.friends2support.org/inner/about/eenadu_011205.html]
[www.friends2support.org/imgs/Latest_presntation-2.html]
[www.friends2support.org/WebResourceed25.gif]
[www.friends2support.org/WebResourceccb6.gif]
[www.friends2support.org/WebResourcea38d.css]
[www.friends2support.org/inner/news/joinWithUs39ba.js]
[www.friends2support.org/shortfilm/css/imgs/top_bg.html]
[www.friends2support.org/shortfilm/images/bg.html]
[www.friends2support.org/shortfilm/images/fb/fancybox_sprite.html]
[www.friends2support.org/shortfilm/images/fb/fancybox_loading.html]
[www.friends2support.org/shortfilm/images/fb/blank.html]
[www.friends2support.org/shortfilm/images/fb/fancybox_sprite@2x.html]
[www.friends2support.org/shortfilm/images/fb/fancybox_loading@2x.html]
[www.friends2support.org/shortfilm/menu_styles.css]
[www.friends2support.org/shortfilm/photo-gallery.js]
[www.friends2support.org/shortfilm/images/winnersevent/1.jpg]
[www.friends2support.org/shortfilm/images/winnersevent/2.jpg]
[www.friends2support.org/shortfilm/images/winnersevent/3.jpg]
[www.friends2support.org/shortfilm/images/winnersevent/4.jpg]
[www.friends2support.org/shortfilm/images/winnersevent/5.jpg]
[www.friends2support.org/shortfilm/images/winnersevent/6.jpg]
[www.friends2support.org/shortfilm/images/winnersevent/7.jpg]
[www.friends2support.org/shortfilm/images/winnersevent/8.jpg]
[www.friends2support.org/shortfilm/images/winnersevent/9.jpg]
[www.friends2support.org/shortfilm/images/winnersevent/10.jpg]
[www.friends2support.org/shortfilm/images/winnersevent/11.jpg]
[www.friends2support.org/shortfilm/images/winnersevent/12.jpg]
[www.friends2support.org/shortfilm/images/winnersevent/13.jpg]
[www.friends2support.org/shortfilm/images/winnersevent/14.jpg]
[www.friends2support.org/shortfilm/images/winnersevent/15.jpg]
[www.friends2support.org/shortfilm/images/winnersevent/12036893.jpg]
[www.friends2support.org/shortfilm/images/winnersevent/12038877.jpg]
[www.friends2support.org/shortfilm/images/winnersevent/DSC09752.jpg]
[www.friends2support.org/shortfilm/images/winnersevent/DSC09784.jpg]
[www.friends2support.org/shortfilm/images/winnersevent/DSC09791.jpg]
[www.friends2support.org/shortfilm/images/winnersevent/DSC09799.jpg]
[www.friends2support.org/shortfilm/images/winnersevent/DSC09801.jpg]
[www.friends2support.org/shortfilm/images/winnersevent/DSC09804.jpg]
[www.friends2support.org/shortfilm/images/winnersevent/DSC09813.jpg]
[www.friends2support.org/shortfilm/images/winnersevent/DSC09830.jpg]
[www.friends2support.org/shortfilm/images/winnersevent/DSC09837.jpg]
[www.friends2support.org/shortfilm/images/winnersevent/DSC09852.jpg]
[www.friends2support.org/shortfilm/images/winnersevent/DSC09909.jpg]
[www.friends2support.org/shortfilm/images/winnersevent/DSC09915.jpg]
[www.friends2support.org/shortfilm/images/winnersevent/DSC09918.jpg]
[www.friends2support.org/shortfilm/images/winnersevent/DSC09925.jpg]
[www.friends2support.org/shortfilm/images/winnersevent/DSC09939.jpg]
[www.friends2support.org/shortfilm/images/winnersevent/DSC09942.jpg]
[www.friends2support.org/shortfilm/images/winnersevent/DSC09946.jpg]
[www.friends2support.org/shortfilm/images/winnersevent/DSC09951.jpg]
[www.friends2support.org/shortfilm/images/winnersevent/DSC09963.jpg]
[www.friends2support.org/shortfilm/images/winnersevent/DSC09969.jpg]
[www.friends2support.org/shortfilm/images/winnersevent/DSC09978.jpg]
[www.friends2support.org/shortfilm/images/winnersevent/DSC09988.jpg]
[www.friends2support.org/shortfilm/images/winnersevent/DSC09992.jpg]
[www.friends2support.org/shortfilm/images/winnersevent/JQ5A3406.jpg]
[www.friends2support.org/shortfilm/images/winnersevent/JQ5A3424.jpg]
[www.friends2support.org/shortfilm/images/winnersevent/JQ5A3438.jpg]
[www.friends2support.org/shortfilm/images/winnersevent/JQ5A3453.jpg]
[www.friends2support.org/shortfilm/images/winnersevent/JQ5A3477.jpg]
[www.friends2support.org/shortfilm/images/winnersevent/JQ5A3485.jpg]
[www.friends2support.org/shortfilm/images/winnersevent/JQ5A3500.jpg]
[www.friends2support.org/shortfilm/images/winnersevent/JQ5A3501.jpg]
[www.friends2support.org/shortfilm/images/winnersevent/JQ5A3504.jpg]
[www.friends2support.org/shortfilm/images/winnersevent/JQ5A3520.jpg]
[www.friends2support.org/shortfilm/images/winnersevent/JQ5A3524.jpg]
[www.friends2support.org/shortfilm/images/winnersevent/JQ5A3526.jpg]
[www.friends2support.org/shortfilm/images/winnersevent/JQ5A3538.jpg]
[www.friends2support.org/shortfilm/images/winnersevent/JQ5A3609.jpg]
[www.friends2support.org/shortfilm/images/winnersevent/JQ5A3616.jpg]
[www.friends2support.org/shortfilm/images/winnersevent/JQ5A3620.jpg]
[www.friends2support.org/shortfilm/images/winnersevent/JQ5A3633.jpg]
[www.friends2support.org/shortfilm/images/winnersevent/JQ5A3638.jpg]
[www.friends2support.org/shortfilm/images/winnersevent/JQ5A3643.jpg]
[www.friends2support.org/shortfilm/images/winnersevent/JQ5A3649.jpg]
[www.friends2support.org/shortfilm/images/winnersevent/JQ5A3663.jpg]
[www.friends2support.org/shortfilm/images/winnersevent/JQ5A3664.jpg]
[www.friends2support.org/shortfilm/images/winnersevent/JQ5A3671.jpg]
[www.friends2support.org/shortfilm/images/winnersevent/JQ5A3681.jpg]
[www.friends2support.org/shortfilm/images/winnersevent/JQ5A3689.jpg]
[www.friends2support.org/shortfilm/images/winnersevent/JQ5A3697.jpg]
[www.friends2support.org/shortfilm/images/winnersevent/JQ5A3703.jpg]
[www.friends2support.org/shortfilm/images/winnersevent/JQ5A3710.jpg]
[www.friends2support.org/shortfilm/images/winnersevent/JQ5A3729.jpg]
[www.friends2support.org/shortfilm/images/winnersevent/JQ5A3743.jpg]
[www.friends2support.org/shortfilm/images/winnersevent/JQ5A3752.jpg]
[www.friends2support.org/shortfilm/images/winnersevent/JQ5A3719.jpg]
[www.friends2support.org/shortfilm/images/winnersevent/JQ5A3769.jpg]
[www.friends2support.org/shortfilm/images/winnersevent/JQ5A3785.jpg]
[www.friends2support.org/shortfilm/images/winnersevent/JQ5A3808.jpg]
[www.friends2support.org/shortfilm/images/winnersevent/JQ5A3821.jpg]
[www.friends2support.org/shortfilm/images/winnersevent/JQ5A3824.jpg]
[www.friends2support.org/shortfilm/images/winnersevent/JQ5A3839.jpg]
[www.friends2support.org/shortfilm/images/winnersevent/JQ5A3844.jpg]
[www.friends2support.org/shortfilm/images/winnersevent/JQ5A3851.jpg]
[www.friends2support.org/shortfilm/images/winnersevent/JQ5A3855.jpg]
[www.friends2support.org/shortfilm/awards-gallery.html]
[www.friends2support.org/shortfilm/images/hyd/DSC07783.jpg]
[www.friends2support.org/shortfilm/images/hyd/DSC07791.jpg]
[www.friends2support.org/shortfilm/images/hyd/DSC07799.jpg]
[www.friends2support.org/shortfilm/images/hyd/DSC07823.jpg]
[www.friends2support.org/shortfilm/images/hyd/DSC07833.jpg]
[www.friends2support.org/shortfilm/images/hyd/DSC07856.jpg]
[www.friends2support.org/shortfilm/images/hyd/DSC07867.jpg]
[www.friends2support.org/shortfilm/images/hyd/DSC07871.jpg]
[www.friends2support.org/shortfilm/images/hyd/DSC07891.jpg]
[www.friends2support.org/shortfilm/images/hyd/DSC07914.jpg]
[www.friends2support.org/shortfilm/images/hyd/DSC07925.jpg]
[www.friends2support.org/shortfilm/images/hyd/DSC07969.jpg]
[www.friends2support.org/shortfilm/images/chennai/DSC_0056.jpg]
[www.friends2support.org/shortfilm/images/chennai/DSC_0103.jpg]
[www.friends2support.org/shortfilm/images/chennai/DSC_0116.jpg]
[www.friends2support.org/shortfilm/images/chennai/DSC_0121.jpg]
[www.friends2support.org/shortfilm/images/chennai/DSC_0138.jpg]
[www.friends2support.org/shortfilm/images/chennai/DSC_0147.jpg]
[www.friends2support.org/shortfilm/images/chennai/DSC_0150.jpg]
[www.friends2support.org/shortfilm/images/chennai/DSC_0154.jpg]
[www.friends2support.org/shortfilm/images/chennai/DSC_0161.jpg]
[www.friends2support.org/shortfilm/images/chennai/DSC_0168.jpg]
[www.friends2support.org/shortfilm/images/chennai/DSC_0181.jpg]
[www.friends2support.org/shortfilm/images/chennai/DSC_0188.jpg]
[www.friends2support.org/shortfilm/images/delhi/DSCN1888.jpg]
[www.friends2support.org/shortfilm/images/delhi/DSCN1898.jpg]
[www.friends2support.org/shortfilm/images/delhi/DSCN1900.jpg]
[www.friends2support.org/shortfilm/images/delhi/DSCN1901.jpg]
[www.friends2support.org/shortfilm/images/delhi/DSCN1902.1d0.delayed]
[www.friends2support.org/shortfilm/images/delhi/DSCN1903.jpg]
[www.friends2support.org/shortfilm/images/delhi/DSCN1922.jpg]
[www.friends2support.org/shortfilm/images/delhi/DSCN1923.jpg]
[www.friends2support.org/shortfilm/images/delhi/DSCN1932.jpg]
[www.friends2support.org/shortfilm/images/delhi/DSCN1933.jpg]
[www.friends2support.org/shortfilm/images/delhi/DSCN1936.jpg]
[www.friends2support.org/shortfilm/images/rajahmundry/DSC_0020.jpg]
[www.friends2support.org/shortfilm/images/rajahmundry/DSC_0081.jpg]
[www.friends2support.org/shortfilm/images/rajahmundry/DSC_0085.jpg]
[www.friends2support.org/shortfilm/images/rajahmundry/DSC_0463.jpg]
[www.friends2support.org/shortfilm/images/rajahmundry/DSC00720.jpg]
[www.friends2support.org/shortfilm/images/rajahmundry/DSC00752.jpg]
[www.friends2support.org/shortfilm/images/rajahmundry/DSC00788.jpg]
[www.friends2support.org/shortfilm/images/rajahmundry/DSC00792.jpg]
[www.friends2support.org/shortfilm/images/rajahmundry/DSC00823.jpg]
[www.friends2support.org/shortfilm/images/rajahmundry/DSC00838.jpg]
[www.friends2support.org/shortfilm/images/rajahmundry/DSC00845.jpg]
[www.friends2support.org/shortfilm/images/rajahmundry/DSC00857.jpg]
[www.friends2support.org/shortfilm/images/kerala/IMG-20150613-WA0001.jpg]
[www.friends2support.org/shortfilm/images/kerala/IMG-20150613-WA0007.jpg]
[www.friends2support.org/shortfilm/images/kerala/IMG-20150613-WA0009.jpg]
[www.friends2support.org/shortfilm/images/kerala/IMG-20150613-WA0010.jpg]
[www.friends2support.org/shortfilm/images/kerala/IMG-20150613-WA0012.jpg]
[www.friends2support.org/shortfilm/images/kerala/IMG-20150613-WA0013.jpg]
[www.friends2support.org/shortfilm/images/kerala/IMG-20150613-WA0014.jpg]
[www.friends2support.org/shortfilm/images/kerala/IMG-20150613-WA0018.jpg]
[www.friends2support.org/shortfilm/images/kerala/IMG-20150613-WA0019.jpg]
[www.friends2support.org/shortfilm/images/kerala/IMG-20150613-WA0030.jpg]
[www.friends2support.org/shortfilm/images/kerala/IMG-20150613-WA0040.jpg]
[www.friends2support.org/shortfilm/gallery-photo.html]
[www.friends2support.org/inner/NGO/serviceregistration0b7c.js]
[www.friends2support.org/shortfilm/images/chennai/DSC_0121.html]
[www.friends2support.org/shortfilm/images/chennai/DSC_0147.html]
[www.friends2support.org/shortfilm/images/chennai/DSC_0181.html]
[www.friends2support.org/shortfilm/images/delhi/DSCN1902.html]
